// Vitest Snapshot v1, https://vitest.dev/guide/snapshot.html

exports[`BreadCrumb > 2階層のパンくずリスト 1`] = `"<a class="mantine-focus-auto m_849cf0da m_f678d540 mantine-Breadcrumbs-breadcrumb m_b6d8b162 mantine-Text-root mantine-Anchor-root" data-underline="hover" href="/" data-discover="true">ホーム</a><div class="m_3b8f2208 mantine-Breadcrumbs-separator">/</div><span aria-current="page" class="m_f678d540 mantine-Breadcrumbs-breadcrumb">現在のページ</span>"`;

exports[`BreadCrumb > 3階層のパンくずリスト 1`] = `"<a class="mantine-focus-auto m_849cf0da m_f678d540 mantine-Breadcrumbs-breadcrumb m_b6d8b162 mantine-Text-root mantine-Anchor-root" data-underline="hover" href="/" data-discover="true">ホーム</a><div class="m_3b8f2208 mantine-Breadcrumbs-separator">/</div><a class="mantine-focus-auto m_849cf0da m_f678d540 mantine-Breadcrumbs-breadcrumb m_b6d8b162 mantine-Text-root mantine-Anchor-root" data-underline="hover" href="/search" data-discover="true">検索</a><div class="m_3b8f2208 mantine-Breadcrumbs-separator">/</div><span aria-current="page" class="m_f678d540 mantine-Breadcrumbs-breadcrumb">検索結果</span>"`;

exports[`BreadCrumb > 4階層のパンくずリスト 1`] = `"<a class="mantine-focus-auto m_849cf0da m_f678d540 mantine-Breadcrumbs-breadcrumb m_b6d8b162 mantine-Text-root mantine-Anchor-root" data-underline="hover" href="/" data-discover="true">ホーム</a><div class="m_3b8f2208 mantine-Breadcrumbs-separator">/</div><a class="mantine-focus-auto m_849cf0da m_f678d540 mantine-Breadcrumbs-breadcrumb m_b6d8b162 mantine-Text-root mantine-Anchor-root" data-underline="hover" href="/search" data-discover="true">検索</a><div class="m_3b8f2208 mantine-Breadcrumbs-separator">/</div><a class="mantine-focus-auto m_849cf0da m_f678d540 mantine-Breadcrumbs-breadcrumb m_b6d8b162 mantine-Text-root mantine-Anchor-root" data-underline="hover" href="/search/results" data-discover="true">検索結果</a><div class="m_3b8f2208 mantine-Breadcrumbs-separator">/</div><span aria-current="page" class="m_f678d540 mantine-Breadcrumbs-breadcrumb">詳細</span>"`;

exports[`BreadCrumb > 長いテキストを含むパンくずリスト 1`] = `"<a class="mantine-focus-auto m_849cf0da m_f678d540 mantine-Breadcrumbs-breadcrumb m_b6d8b162 mantine-Text-root mantine-Anchor-root" data-underline="hover" href="/" data-discover="true">ホーム</a><div class="m_3b8f2208 mantine-Breadcrumbs-separator">/</div><a class="mantine-focus-auto m_849cf0da m_f678d540 mantine-Breadcrumbs-breadcrumb m_b6d8b162 mantine-Text-root mantine-Anchor-root" data-underline="hover" href="/category" data-discover="true">とても長いカテゴリー名が入っている場合のテスト</a><div class="m_3b8f2208 mantine-Breadcrumbs-separator">/</div><span aria-current="page" class="m_f678d540 mantine-Breadcrumbs-breadcrumb">現在のページ</span>"`;
